  Incident energy is    5.49800014      GeV
  Minimum accepted scattered electron energy is  0.500000000    
  Target thickness is    0.00000000      r.l.
  Number of particles per event in bos bank =           2
 Electron scattering angles range from  14.0 to  60.0 degrees
  Elastic peak included
  Elastic Scattering, Date and time:Fri Mar 10 16:30:43 2017    
  Mininum photon energy =   2.99999993E-02
  Maximum photon energy =   4.18290138    
  ntries,nevent, mcall_max:              95792639         400           1
  sig_int =    8.78168095E-04   8.92258948E-04
  Number of seconds at Lum=1E34 is   45.5493660    
 Elapsed CPU time =     26.9 seconds
  ntries,nevent, mcall_max:             184311627         800           1
  sig_int =    9.12824064E-04   8.92297598E-04
  Number of seconds at Lum=1E34 is   87.6401062    
 Elapsed CPU time =     51.7 seconds
  ntries,nevent, mcall_max:             283757001        1200           1
  sig_int =    8.89374118E-04   8.92310112E-04
  Number of seconds at Lum=1E34 is   134.926346    
 Elapsed CPU time =     79.7 seconds
  ntries,nevent, mcall_max:             381490235        1600           1
  sig_int =    8.82036053E-04   8.92319775E-04
  Number of seconds at Lum=1E34 is   181.398483    
 Elapsed CPU time =    107.1 seconds
  ntries,nevent, mcall_max:             475219705        2000           1
  sig_int =    8.85085727E-04   8.92301556E-04
  Number of seconds at Lum=1E34 is   225.966797    
 Elapsed CPU time =    133.4 seconds
  ntries,nevent, mcall_max:             561018434        2400           1
  sig_int =    8.99671402E-04   8.92316573E-04
  Number of seconds at Lum=1E34 is   266.764069    
 Elapsed CPU time =    157.3 seconds
  ntries,nevent, mcall_max:             659583278        2800           1
  sig_int =    8.92767101E-04   8.92340846E-04
  Number of seconds at Lum=1E34 is   313.631622    
 Elapsed CPU time =    184.7 seconds
  ntries,nevent, mcall_max:             749688548        3200           1
  sig_int =    8.97674588E-04   8.92355165E-04
  Number of seconds at Lum=1E34 is   356.476624    
 Elapsed CPU time =    209.9 seconds
  ntries,nevent, mcall_max:             844599544        3600           1
  sig_int =    8.96399200E-04   8.92357551E-04
  Number of seconds at Lum=1E34 is   401.606781    
 Elapsed CPU time =    236.5 seconds
  ntries,nevent, mcall_max:             938174490        4000           1
  sig_int =    8.96656711E-04   8.92344106E-04
  Number of seconds at Lum=1E34 is   446.101593    
 Elapsed CPU time =    262.7 seconds
  ntries,nevent, mcall_max:            1033877448        4400           1
  sig_int =    8.95021425E-04   8.92346085E-04
  Number of seconds at Lum=1E34 is   491.608337    
 Elapsed CPU time =    289.6 seconds
  ntries,nevent, mcall_max:            1125389716        4800           1
  sig_int =    8.96990998E-04   8.92336480E-04
  Number of seconds at Lum=1E34 is   535.122437    
 Elapsed CPU time =    315.2 seconds
  ntries,nevent, mcall_max:            1221880307        5200           1
  sig_int =    8.95002973E-04   8.92344397E-04
  Number of seconds at Lum=1E34 is   581.003662    
 Elapsed CPU time =    342.2 seconds
  ntries,nevent, mcall_max:            1320623310        5600           1
  sig_int =    8.91782343E-04   8.92339740E-04
  Number of seconds at Lum=1E34 is   627.955933    
 Elapsed CPU time =    369.8 seconds
  ntries,nevent, mcall_max:            1418411980        6000           1
  sig_int =    8.89607996E-04   8.92332930E-04
  Number of seconds at Lum=1E34 is   674.454346    
 Elapsed CPU time =    397.3 seconds
  ntries,nevent, mcall_max:            1509822865        6400           1
  sig_int =    8.91464006E-04   8.92335724E-04
  Number of seconds at Lum=1E34 is   717.920166    
 Elapsed CPU time =    422.9 seconds
  ntries,nevent, mcall_max:            1603135226        6800           1
  sig_int =    8.92048643E-04   8.92333337E-04
  Number of seconds at Lum=1E34 is   762.290283    
 Elapsed CPU time =    449.0 seconds
  ntries,nevent, mcall_max:            1694169611        7200           1
  sig_int =    8.93769262E-04   8.92334385E-04
  Number of seconds at Lum=1E34 is   805.577026    
 Elapsed CPU time =    474.6 seconds
  ntries,nevent, mcall_max:            1791853380        7600           1
  sig_int =    8.91991949E-04   8.92329903E-04
  Number of seconds at Lum=1E34 is   852.025635    
 Elapsed CPU time =    502.1 seconds
  ntries,nevent, mcall_max:            1880703550        8000           1
  sig_int =    8.94580677E-04   8.92328215E-04
  Number of seconds at Lum=1E34 is   894.273682    
 Elapsed CPU time =    527.0 seconds
  ntries,nevent, mcall_max:            1972455897        8400           1
  sig_int =    8.95615900E-04   8.92324664E-04
  Number of seconds at Lum=1E34 is   937.902039    
 Elapsed CPU time =    552.9 seconds
  ntries,nevent, mcall_max:            2066337424        8800           1
  sig_int =    8.95635400E-04   8.92330892E-04
  Number of seconds at Lum=1E34 is   982.542664    
 Elapsed CPU time =    579.8 seconds
  ntries,nevent, mcall_max:            2160002761        9200           1
  sig_int =    8.95742793E-04   8.92334909E-04
  Number of seconds at Lum=1E34 is   1027.08044    
 Elapsed CPU time =    606.3 seconds
  ntries,nevent, mcall_max:            2253266335        9600           1
  sig_int =    8.96001002E-04   8.92335374E-04
  Number of seconds at Lum=1E34 is   1071.42737    
 Elapsed CPU time =    631.0 seconds
  ntries,nevent, mcall_max:            2356637470       10000           1
  sig_int =    8.92394804E-04   8.92331824E-04
  Number of seconds at Lum=1E34 is   1120.58020    
 Elapsed CPU time =    658.6 seconds
 Elapsed CPU time =      658.7 seconds
